#
# There is insufficient memory for the Java Runtime Environment to continue.
# Native memory allocation (malloc) failed to allocate 255696 bytes. Error detail: Chunk::new
# Possible reasons:
#   The system is out of physical RAM or swap space
#   This process is running with CompressedOops enabled, and the Java Heap may be blocking the growth of the native heap
# Possible solutions:
#   Reduce memory load on the system
#   Increase physical memory or swap space
#   Check if swap backing store is full
#   Decrease Java heap size (-Xmx/-Xms)
#   Decrease number of Java threads
#   Decrease Java thread stack sizes (-Xss)
#   Set larger code cache with -XX:ReservedCodeCacheSize=
#   JVM is running with Unscaled Compressed Oops mode in which the Java heap is
#     placed in the first 4GB address space. The Java Heap base address is the
#     maximum limit for the native heap growth. Please use -XX:HeapBaseMinAddress
#     to set the Java Heap base and to place the Java Heap above 4GB virtual address.
# This output file may be truncated or incomplete.
#
#  Out of Memory Error (arena.cpp:191), pid=17668, tid=1840
#
# JRE version: OpenJDK Runtime Environment Temurin-17.0.19+10 (17.0.19+10) (build 17.0.19+10)
# Java VM: OpenJDK 64-Bit Server VM Temurin-17.0.19+10 (17.0.19+10, mixed mode, sharing, tiered, compressed oops, compressed class ptrs, g1 gc, windows-amd64)
# No core dump will be written. Minidumps are not enabled by default on client versions of Windows
#

---------------  S U M M A R Y ------------

Command Line: --enable-native-access=ALL-UNNAMED -Dclassworlds.conf=C:\Users\hadil\.m2\wrapper\dists\apache-maven-3.9.16\0daed3be3ebd1c706f0e69e8b07c6b73f5cc4ea3dfce72a8d0ec2e849ca2ddb0\bin\m2.conf -Dmaven.home=C:\Users\hadil\.m2\wrapper\dists\apache-maven-3.9.16\0daed3be3ebd1c706f0e69e8b07c6b73f5cc4ea3dfce72a8d0ec2e849ca2ddb0 -Dlibrary.jansi.path=C:\Users\hadil\.m2\wrapper\dists\apache-maven-3.9.16\0daed3be3ebd1c706f0e69e8b07c6b73f5cc4ea3dfce72a8d0ec2e849ca2ddb0\lib\jansi-native -Dmaven.multiModuleProjectDirectory=C:\Users\hadil\Desktop\shop\techtalks-FixUp\fixup-backend org.codehaus.plexus.classworlds.launcher.Launcher spring-boot:run

Host: Intel(R) Core(TM) i5-6300U CPU @ 2.40GHz, 4 cores, 7G,  Windows 10 , 64 bit Build 19041 (10.0.19041.5915)
Time: Tue Jul 28 19:30:28 2026 Middle East Daylight Time elapsed time: 1.464090 seconds (0d 0h 0m 1s)

---------------  T H R E A D  ---------------

Current thread (0x0000029d263bfd20):  JavaThread "C2 CompilerThread0" daemon [_thread_in_native, id=1840, stack(0x000000adefd00000,0x000000adefe00000)]


Current CompileTask:
C2:1464  227   !   4       java.util.zip.ZipFile$Source::findEND (669 bytes)

Stack: [0x000000adefd00000,0x000000adefe00000]
Native frames: (J=compiled Java code, j=interpreted, Vv=VM code, C=native code)
V  [jvm.dll+0x684b29]
V  [jvm.dll+0x83a2d5]
V  [jvm.dll+0x83bd4e]
V  [jvm.dll+0x83c3d3]
V  [jvm.dll+0x24905f]
V  [jvm.dll+0xad536]
V  [jvm.dll+0xadbdc]
V  [jvm.dll+0x368d4f]
V  [jvm.dll+0x3331d5]
V  [jvm.dll+0x33263a]
V  [jvm.dll+0x219e69]
V  [jvm.dll+0x2192af]
V  [jvm.dll+0x1a49f0]
V  [jvm.dll+0x2299fa]
V  [jvm.dll+0x227bab]
V  [jvm.dll+0x7f0a88]
V  [jvm.dll+0x7eaf1c]
V  [jvm.dll+0x6839f7]
C  [ucrtbase.dll+0x21bb2]
C  [KERNEL32.DLL+0x17374]
C  [ntdll.dll+0x4cc91]


---------------  P R O C E S S  ---------------

Threads class SMR info:
_java_thread_list=0x0000029d265b5470, length=12, elements={
0x0000029d0884a260, 0x0000029d2639cd60, 0x0000029d2639daf0, 0x0000029d263b47b0,
0x0000029d263b5280, 0x0000029d263b8400, 0x0000029d263b9470, 0x0000029d263bfd20,
0x0000029d263c2de0, 0x0000029d263c3e90, 0x0000029d265f31c0, 0x0000029d265fe190
}

Java Threads: ( => current thread )
  0x0000029d0884a260 JavaThread "main" [_thread_in_native, id=16200, stack(0x000000adef000000,0x000000adef100000)]
  0x0000029d2639cd60 JavaThread "Reference Handler" daemon [_thread_blocked, id=13136, stack(0x000000adef700000,0x000000adef800000)]
  0x0000029d2639daf0 JavaThread "Finalizer" daemon [_thread_blocked, id=20168, stack(0x000000adef800000,0x000000adef900000)]
  0x0000029d263b47b0 JavaThread "Signal Dispatcher" daemon [_thread_blocked, id=5320, stack(0x000000adef900000,0x000000adefa00000)]
  0x0000029d263b5280 JavaThread "Attach Listener" daemon [_thread_blocked, id=5848, stack(0x000000adefa00000,0x000000adefb00000)]
  0x0000029d263b8400 JavaThread "Service Thread" daemon [_thread_blocked, id=20108, stack(0x000000adefb00000,0x000000adefc00000)]
  0x0000029d263b9470 JavaThread "Monitor Deflation Thread" daemon [_thread_blocked, id=19852, stack(0x000000adefc00000,0x000000adefd00000)]
=>0x0000029d263bfd20 JavaThread "C2 CompilerThread0" daemon [_thread_in_native, id=1840, stack(0x000000adefd00000,0x000000adefe00000)]
  0x0000029d263c2de0 JavaThread "C1 CompilerThread0" daemon [_thread_blocked, id=14164, stack(0x000000adefe00000,0x000000adeff00000)]
  0x0000029d263c3e90 JavaThread "Sweeper thread" daemon [_thread_blocked, id=13520, stack(0x000000adeff00000,0x000000adf0000000)]
  0x0000029d265f31c0 JavaThread "Notification Thread" daemon [_thread_blocked, id=7428, stack(0x000000adf0000000,0x000000adf0100000)]
  0x0000029d265fe190 JavaThread "Common-Cleaner" daemon [_thread_blocked, id=8584, stack(0x000000adf0200000,0x000000adf0300000)]

Other Threads:
  0x0000029d26397750 VMThread "VM Thread" [stack: 0x000000adef600000,0x000000adef700000] [id=14416]
  0x0000029d265f56b0 WatcherThread [stack: 0x000000adf0100000,0x000000adf0200000] [id=7968]
  0x0000029d088a4930 GCTaskThread "GC Thread#0" [stack: 0x000000adef100000,0x000000adef200000] [id=20316]
  0x0000029d088b55d0 ConcurrentGCThread "G1 Main Marker" [stack: 0x000000adef200000,0x000000adef300000] [id=13620]
  0x0000029d088b6790 ConcurrentGCThread "G1 Conc#0" [stack: 0x000000adef300000,0x000000adef400000] [id=2080]
  0x0000029d262520c0 ConcurrentGCThread "G1 Refine#0" [stack: 0x000000adef400000,0x000000adef500000] [id=13160]
  0x0000029d26253a10 ConcurrentGCThread "G1 Service" [stack: 0x000000adef500000,0x000000adef600000] [id=1236]

Threads with active compile tasks:
C2 CompilerThread0  1578  227   !   4       java.util.zip.ZipFile$Source::findEND (669 bytes)

VM state: not at safepoint (normal execution)

VM Mutex/Monitor currently owned by a thread: None

Heap address: 0x0000000081c00000, size: 2020 MB, Compressed Oops mode: 32-bit

CDS archive(s) mapped at: [0x0000029d27000000-0x0000029d27bb0000-0x0000029d27bb0000), size 12255232, SharedBaseAddress: 0x0000029d27000000, ArchiveRelocationMode: 1.
Compressed class space mapped at: 0x0000029d28000000-0x0000029d68000000, reserved size: 1073741824
Narrow klass base: 0x0000029d27000000, Narrow klass shift: 0, Narrow klass range: 0x100000000

GC Precious Log:
 CPUs: 4 total, 4 available
 Memory: 8072M
 Large Page Support: Disabled
 NUMA Support: Disabled
 Compressed Oops: Enabled (32-bit)
 Heap Region Size: 1M
 Heap Min Capacity: 8M
 Heap Initial Capacity: 128M
 Heap Max Capacity: 2020M
 Pre-touch: Disabled
 Parallel Workers: 4
 Concurrent Workers: 1
 Concurrent Refinement Workers: 4
 Periodic GC: Disabled

Heap:
 garbage-first heap   total 131072K, used 2048K [0x0000000081c00000, 0x0000000100000000)
  region size 1024K, 3 young (3072K), 0 survivors (0K)
 Metaspace       used 639K, committed 832K, reserved 1114112K
  class space    used 50K, committed 128K, reserved 1048576K

Heap Regions: E=young(eden), S=young(survivor), O=old, HS=humongous(starts), HC=humongous(continues), CS=collection set, F=free, OA=open archive, CA=closed archive, TAMS=top-at-mark-start (previous, next)
|   0|0x0000000081c00000, 0x0000000081c00000, 0x0000000081d00000|  0%| F|  |TAMS 0x0000000081c00000, 0x0000000081c00000| Untracked 
|   1|0x0000000081d00000, 0x0000000081d00000, 0x0000000081e00000|  0%| F|  |TAMS 0x0000000081d00000, 0x0000000081d00000| Untracked 
|   2|0x0000000081e00000, 0x0000000081e00000, 0x0000000081f00000|  0%| F|  |TAMS 0x0000000081e00000, 0x0000000081e00000| Untracked 
|   3|0x0000000081f00000, 0x0000000081f00000, 0x0000000082000000|  0%| F|  |TAMS 0x0000000081f00000, 0x0000000081f00000| Untracked 
|   4|0x0000000082000000, 0x0000000082000000, 0x0000000082100000|  0%| F|  |TAMS 0x0000000082000000, 0x0000000082000000| Untracked 
|   5|0x0000000082100000, 0x0000000082100000, 0x0000000082200000|  0%| F|  |TAMS 0x0000000082100000, 0x0000000082100000| Untracked 
|   6|0x0000000082200000, 0x0000000082200000, 0x0000000082300000|  0%| F|  |TAMS 0x0000000082200000, 0x0000000082200000| Untracked 
|   7|0x0000000082300000, 0x0000000082300000, 0x0000000082400000|  0%| F|  |TAMS 0x0000000082300000, 0x0000000082300000| Untracked 
|   8|0x0000000082400000, 0x0000000082400000, 0x0000000082500000|  0%| F|  |TAMS 0x0000000082400000, 0x0000000082400000| Untracked 
|   9|0x0000000082500000, 0x0000000082500000, 0x0000000082600000|  0%| F|  |TAMS 0x0000000082500000, 0x0000000082500000| Untracked 
|  10|0x0000000082600000, 0x0000000082600000, 0x0000000082700000|  0%| F|  |TAMS 0x0000000082600000, 0x0000000082600000| Untracked 
|  11|0x0000000082700000, 0x0000000082700000, 0x0000000082800000|  0%| F|  |TAMS 0x0000000082700000, 0x0000000082700000| Untracked 
|  12|0x0000000082800000, 0x0000000082800000, 0x0000000082900000|  0%| F|  |TAMS 0x0000000082800000, 0x0000000082800000| Untracked 
|  13|0x0000000082900000, 0x0000000082900000, 0x0000000082a00000|  0%| F|  |TAMS 0x0000000082900000, 0x0000000082900000| Untracked 
|  14|0x0000000082a00000, 0x0000000082a00000, 0x0000000082b00000|  0%| F|  |TAMS 0x0000000082a00000, 0x0000000082a00000| Untracked 
|  15|0x0000000082b00000, 0x0000000082b00000, 0x0000000082c00000|  0%| F|  |TAMS 0x0000000082b00000, 0x0000000082b00000| Untracked 
|  16|0x0000000082c00000, 0x0000000082c00000, 0x0000000082d00000|  0%| F|  |TAMS 0x0000000082c00000, 0x0000000082c00000| Untracked 
|  17|0x0000000082d00000, 0x0000000082d00000, 0x0000000082e00000|  0%| F|  |TAMS 0x0000000082d00000, 0x0000000082d00000| Untracked 
|  18|0x0000000082e00000, 0x0000000082e00000, 0x0000000082f00000|  0%| F|  |TAMS 0x0000000082e00000, 0x0000000082e00000| Untracked 
|  19|0x0000000082f00000, 0x0000000082f00000, 0x0000000083000000|  0%| F|  |TAMS 0x0000000082f00000, 0x0000000082f00000| Untracked 
|  20|0x0000000083000000, 0x0000000083000000, 0x0000000083100000|  0%| F|  |TAMS 0x0000000083000000, 0x0000000083000000| Untracked 
|  21|0x0000000083100000, 0x0000000083100000, 0x0000000083200000|  0%| F|  |TAMS 0x0000000083100000, 0x0000000083100000| Untracked 
|  22|0x0000000083200000, 0x0000000083200000, 0x0000000083300000|  0%| F|  |TAMS 0x0000000083200000, 0x0000000083200000| Untracked 
|  23|0x0000000083300000, 0x0000000083300000, 0x0000000083400000|  0%| F|  |TAMS 0x0000000083300000, 0x0000000083300000| Untracked 
|  24|0x0000000083400000, 0x0000000083400000, 0x0000000083500000|  0%| F|  |TAMS 0x0000000083400000, 0x0000000083400000| Untracked 
|  25|0x0000000083500000, 0x0000000083500000, 0x0000000083600000|  0%| F|  |TAMS 0x0000000083500000, 0x0000000083500000| Untracked 
|  26|0x0000000083600000, 0x0000000083600000, 0x0000000083700000|  0%| F|  |TAMS 0x0000000083600000, 0x0000000083600000| Untracked 
|  27|0x0000000083700000, 0x0000000083700000, 0x0000000083800000|  0%| F|  |TAMS 0x0000000083700000, 0x0000000083700000| Untracked 
|  28|0x0000000083800000, 0x0000000083800000, 0x0000000083900000|  0%| F|  |TAMS 0x0000000083800000, 0x0000000083800000| Untracked 
|  29|0x0000000083900000, 0x0000000083900000, 0x0000000083a00000|  0%| F|  |TAMS 0x0000000083900000, 0x0000000083900000| Untracked 
|  30|0x0000000083a00000, 0x0000000083a00000, 0x0000000083b00000|  0%| F|  |TAMS 0x0000000083a00000, 0x0000000083a00000| Untracked 
|  31|0x0000000083b00000, 0x0000000083b00000, 0x0000000083c00000|  0%| F|  |TAMS 0x0000000083b00000, 0x0000000083b00000| Untracked 
|  32|0x0000000083c00000, 0x0000000083c00000, 0x0000000083d00000|  0%| F|  |TAMS 0x0000000083c00000, 0x0000000083c00000| Untracked 
|  33|0x0000000083d00000, 0x0000000083d00000, 0x0000000083e00000|  0%| F|  |TAMS 0x0000000083d00000, 0x0000000083d00000| Untracked 
|  34|0x0000000083e00000, 0x0000000083e00000, 0x0000000083f00000|  0%| F|  |TAMS 0x0000000083e00000, 0x0000000083e00000| Untracked 
|  35|0x0000000083f00000, 0x0000000083f00000, 0x0000000084000000|  0%| F|  |TAMS 0x0000000083f00000, 0x0000000083f00000| Untracked 
|  36|0x0000000084000000, 0x0000000084000000, 0x0000000084100000|  0%| F|  |TAMS 0x0000000084000000, 0x0000000084000000| Untracked 
|  37|0x0000000084100000, 0x0000000084100000, 0x0000000084200000|  0%| F|  |TAMS 0x0000000084100000, 0x0000000084100000| Untracked 
|  38|0x0000000084200000, 0x0000000084200000, 0x0000000084300000|  0%| F|  |TAMS 0x0000000084200000, 0x0000000084200000| Untracked 
|  39|0x0000000084300000, 0x0000000084300000, 0x0000000084400000|  0%| F|  |TAMS 0x0000000084300000, 0x0000000084300000| Untracked 
|  40|0x0000000084400000, 0x0000000084400000, 0x0000000084500000|  0%| F|  |TAMS 0x0000000084400000, 0x0000000084400000| Untracked 
|  41|0x0000000084500000, 0x0000000084500000, 0x0000000084600000|  0%| F|  |TAMS 0x0000000084500000, 0x0000000084500000| Untracked 
|  42|0x0000000084600000, 0x0000000084600000, 0x0000000084700000|  0%| F|  |TAMS 0x0000000084600000, 0x0000000084600000| Untracked 
|  43|0x0000000084700000, 0x0000000084700000, 0x0000000084800000|  0%| F|  |TAMS 0x0000000084700000, 0x0000000084700000| Untracked 
|  44|0x0000000084800000, 0x0000000084800000, 0x0000000084900000|  0%| F|  |TAMS 0x0000000084800000, 0x0000000084800000| Untracked 
|  45|0x0000000084900000, 0x0000000084900000, 0x0000000084a00000|  0%| F|  |TAMS 0x0000000084900000, 0x0000000084900000| Untracked 
|  46|0x0000000084a00000, 0x0000000084a00000, 0x0000000084b00000|  0%| F|  |TAMS 0x0000000084a00000, 0x0000000084a00000| Untracked 
|  47|0x0000000084b00000, 0x0000000084b00000, 0x0000000084c00000|  0%| F|  |TAMS 0x0000000084b00000, 0x0000000084b00000| Untracked 
|  48|0x0000000084c00000, 0x0000000084c00000, 0x0000000084d00000|  0%| F|  |TAMS 0x0000000084c00000, 0x0000000084c00000| Untracked 
|  49|0x0000000084d00000, 0x0000000084d00000, 0x0000000084e00000|  0%| F|  |TAMS 0x0000000084d00000, 0x0000000084d00000| Untracked 
|  50|0x0000000084e00000, 0x0000000084e00000, 0x0000000084f00000|  0%| F|  |TAMS 0x0000000084e00000, 0x0000000084e00000| Untracked 
|  51|0x0000000084f00000, 0x0000000084f00000, 0x0000000085000000|  0%| F|  |TAMS 0x0000000084f00000, 0x0000000084f00000| Untracked 
|  52|0x0000000085000000, 0x0000000085000000, 0x0000000085100000|  0%| F|  |TAMS 0x0000000085000000, 0x0000000085000000| Untracked 
|  53|0x0000000085100000, 0x0000000085100000, 0x0000000085200000|  0%| F|  |TAMS 0x0000000085100000, 0x0000000085100000| Untracked 
|  54|0x0000000085200000, 0x0000000085200000, 0x0000000085300000|  0%| F|  |TAMS 0x0000000085200000, 0x0000000085200000| Untracked 
|  55|0x0000000085300000, 0x0000000085300000, 0x0000000085400000|  0%| F|  |TAMS 0x0000000085300000, 0x0000000085300000| Untracked 
|  56|0x0000000085400000, 0x0000000085400000, 0x0000000085500000|  0%| F|  |TAMS 0x0000000085400000, 0x0000000085400000| Untracked 
|  57|0x0000000085500000, 0x0000000085500000, 0x0000000085600000|  0%| F|  |TAMS 0x0000000085500000, 0x0000000085500000| Untracked 
|  58|0x0000000085600000, 0x0000000085600000, 0x0000000085700000|  0%| F|  |TAMS 0x0000000085600000, 0x0000000085600000| Untracked 
|  59|0x0000000085700000, 0x0000000085700000, 0x0000000085800000|  0%| F|  |TAMS 0x0000000085700000, 0x0000000085700000| Untracked 
|  60|0x0000000085800000, 0x0000000085800000, 0x0000000085900000|  0%| F|  |TAMS 0x0000000085800000, 0x0000000085800000| Untracked 
|  61|0x0000000085900000, 0x0000000085900000, 0x0000000085a00000|  0%| F|  |TAMS 0x0000000085900000, 0x0000000085900000| Untracked 
|  62|0x0000000085a00000, 0x0000000085a00000, 0x0000000085b00000|  0%| F|  |TAMS 0x0000000085a00000, 0x0000000085a00000| Untracked 
|  63|0x0000000085b00000, 0x0000000085b00000, 0x0000000085c00000|  0%| F|  |TAMS 0x0000000085b00000, 0x0000000085b00000| Untracked 
|  64|0x0000000085c00000, 0x0000000085c00000, 0x0000000085d00000|  0%| F|  |TAMS 0x0000000085c00000, 0x0000000085c00000| Untracked 
|  65|0x0000000085d00000, 0x0000000085d00000, 0x0000000085e00000|  0%| F|  |TAMS 0x0000000085d00000, 0x0000000085d00000| Untracked 
|  66|0x0000000085e00000, 0x0000000085e00000, 0x0000000085f00000|  0%| F|  |TAMS 0x0000000085e00000, 0x0000000085e00000| Untracked 
|  67|0x0000000085f00000, 0x0000000085f00000, 0x0000000086000000|  0%| F|  |TAMS 0x0000000085f00000, 0x0000000085f00000| Untracked 
|  68|0x0000000086000000, 0x0000000086000000, 0x0000000086100000|  0%| F|  |TAMS 0x0000000086000000, 0x0000000086000000| Untracked 
|  69|0x0000000086100000, 0x0000000086100000, 0x0000000086200000|  0%| F|  |TAMS 0x0000000086100000, 0x0000000086100000| Untracked 
|  70|0x0000000086200000, 0x0000000086200000, 0x0000000086300000|  0%| F|  |TAMS 0x0000000086200000, 0x0000000086200000| Untracked 
|  71|0x0000000086300000, 0x0000000086300000, 0x0000000086400000|  0%| F|  |TAMS 0x0000000086300000, 0x0000000086300000| Untracked 
|  72|0x0000000086400000, 0x0000000086400000, 0x0000000086500000|  0%| F|  |TAMS 0x0000000086400000, 0x0000000086400000| Untracked 
|  73|0x0000000086500000, 0x0000000086500000, 0x0000000086600000|  0%| F|  |TAMS 0x0000000086500000, 0x0000000086500000| Untracked 
|  74|0x0000000086600000, 0x0000000086600000, 0x0000000086700000|  0%| F|  |TAMS 0x0000000086600000, 0x0000000086600000| Untracked 
|  75|0x0000000086700000, 0x0000000086700000, 0x0000000086800000|  0%| F|  |TAMS 0x0000000086700000, 0x0000000086700000| Untracked 
|  76|0x0000000086800000, 0x0000000086800000, 0x0000000086900000|  0%| F|  |TAMS 0x0000000086800000, 0x0000000086800000| Untracked 
|  77|0x0000000086900000, 0x0000000086900000, 0x0000000086a00000|  0%| F|  |TAMS 0x0000000086900000, 0x0000000086900000| Untracked 
|  78|0x0000000086a00000, 0x0000000086a00000, 0x0000000086b00000|  0%| F|  |TAMS 0x0000000086a00000, 0x0000000086a00000| Untracked 
|  79|0x0000000086b00000, 0x0000000086b00000, 0x0000000086c00000|  0%| F|  |TAMS 0x0000000086b00000, 0x0000000086b00000| Untracked 
|  80|0x0000000086c00000, 0x0000000086c00000, 0x0000000086d00000|  0%| F|  |TAMS 0x0000000086c00000, 0x0000000086c00000| Untracked 
|  81|0x0000000086d00000, 0x0000000086d00000, 0x0000000086e00000|  0%| F|  |TAMS 0x0000000086d00000, 0x0000000086d00000| Untracked 
|  82|0x0000000086e00000, 0x0000000086e00000, 0x0000000086f00000|  0%| F|  |TAMS 0x0000000086e00000, 0x0000000086e00000| Untracked 
|  83|0x0000000086f00000, 0x0000000086f00000, 0x0000000087000000|  0%| F|  |TAMS 0x0000000086f00000, 0x0000000086f00000| Untracked 
|  84|0x0000000087000000, 0x0000000087000000, 0x0000000087100000|  0%| F|  |TAMS 0x0000000087000000, 0x0000000087000000| Untracked 
|  85|0x0000000087100000, 0x0000000087100000, 0x0000000087200000|  0%| F|  |TAMS 0x0000000087100000, 0x0000000087100000| Untracked 
|  86|0x0000000087200000, 0x0000000087200000, 0x0000000087300000|  0%| F|  |TAMS 0x0000000087200000, 0x0000000087200000| Untracked 
|  87|0x0000000087300000, 0x0000000087300000, 0x0000000087400000|  0%| F|  |TAMS 0x0000000087300000, 0x0000000087300000| Untracked 
|  88|0x0000000087400000, 0x0000000087400000, 0x0000000087500000|  0%| F|  |TAMS 0x0000000087400000, 0x0000000087400000| Untracked 
|  89|0x0000000087500000, 0x0000000087500000, 0x0000000087600000|  0%| F|  |TAMS 0x0000000087500000, 0x0000000087500000| Untracked 
|  90|0x0000000087600000, 0x0000000087600000, 0x0000000087700000|  0%| F|  |TAMS 0x0000000087600000, 0x0000000087600000| Untracked 
|  91|0x0000000087700000, 0x0000000087700000, 0x0000000087800000|  0%| F|  |TAMS 0x0000000087700000, 0x0000000087700000| Untracked 
|  92|0x0000000087800000, 0x0000000087800000, 0x0000000087900000|  0%| F|  |TAMS 0x0000000087800000, 0x0000000087800000| Untracked 
|  93|0x0000000087900000, 0x0000000087900000, 0x0000000087a00000|  0%| F|  |TAMS 0x0000000087900000, 0x0000000087900000| Untracked 
|  94|0x0000000087a00000, 0x0000000087a00000, 0x0000000087b00000|  0%| F|  |TAMS 0x0000000087a00000, 0x0000000087a00000| Untracked 
|  95|0x0000000087b00000, 0x0000000087b00000, 0x0000000087c00000|  0%| F|  |TAMS 0x0000000087b00000, 0x0000000087b00000| Untracked 
|  96|0x0000000087c00000, 0x0000000087c00000, 0x0000000087d00000|  0%| F|  |TAMS 0x0000000087c00000, 0x0000000087c00000| Untracked 
|  97|0x0000000087d00000, 0x0000000087d00000, 0x0000000087e00000|  0%| F|  |TAMS 0x0000000087d00000, 0x0000000087d00000| Untracked 
|  98|0x0000000087e00000, 0x0000000087e00000, 0x0000000087f00000|  0%| F|  |TAMS 0x0000000087e00000, 0x0000000087e00000| Untracked 
|  99|0x0000000087f00000, 0x0000000087f00000, 0x0000000088000000|  0%| F|  |TAMS 0x0000000087f00000, 0x0000000087f00000| Untracked 
| 100|0x0000000088000000, 0x0000000088000000, 0x0000000088100000|  0%| F|  |TAMS 0x0000000088000000, 0x0000000088000000| Untracked 
| 101|0x0000000088100000, 0x0000000088100000, 0x0000000088200000|  0%| F|  |TAMS 0x0000000088100000, 0x0000000088100000| Untracked 
| 102|0x0000000088200000, 0x0000000088200000, 0x0000000088300000|  0%| F|  |TAMS 0x0000000088200000, 0x0000000088200000| Untracked 
| 103|0x0000000088300000, 0x0000000088300000, 0x0000000088400000|  0%| F|  |TAMS 0x0000000088300000, 0x0000000088300000| Untracked 
| 104|0x0000000088400000, 0x0000000088400000, 0x0000000088500000|  0%| F|  |TAMS 0x0000000088400000, 0x0000000088400000| Untracked 
| 105|0x0000000088500000, 0x0000000088500000, 0x0000000088600000|  0%| F|  |TAMS 0x0000000088500000, 0x0000000088500000| Untracked 
| 106|0x0000000088600000, 0x0000000088600000, 0x0000000088700000|  0%| F|  |TAMS 0x0000000088600000, 0x0000000088600000| Untracked 
| 107|0x0000000088700000, 0x0000000088700000, 0x0000000088800000|  0%| F|  |TAMS 0x0000000088700000, 0x0000000088700000| Untracked 
| 108|0x0000000088800000, 0x0000000088800000, 0x0000000088900000|  0%| F|  |TAMS 0x0000000088800000, 0x0000000088800000| Untracked 
| 109|0x0000000088900000, 0x0000000088900000, 0x0000000088a00000|  0%| F|  |TAMS 0x0000000088900000, 0x0000000088900000| Untracked 
| 110|0x0000000088a00000, 0x0000000088a00000, 0x0000000088b00000|  0%| F|  |TAMS 0x0000000088a00000, 0x0000000088a00000| Untracked 
| 111|0x0000000088b00000, 0x0000000088b00000, 0x0000000088c00000|  0%| F|  |TAMS 0x0000000088b00000, 0x0000000088b00000| Untracked 
| 112|0x0000000088c00000, 0x0000000088c00000, 0x0000000088d00000|  0%| F|  |TAMS 0x0000000088c00000, 0x0000000088c00000| Untracked 
| 113|0x0000000088d00000, 0x0000000088d00000, 0x0000000088e00000|  0%| F|  |TAMS 0x0000000088d00000, 0x0000000088d00000| Untracked 
| 114|0x0000000088e00000, 0x0000000088e00000, 0x0000000088f00000|  0%| F|  |TAMS 0x0000000088e00000, 0x0000000088e00000| Untracked 
| 115|0x0000000088f00000, 0x0000000088f00000, 0x0000000089000000|  0%| F|  |TAMS 0x0000000088f00000, 0x0000000088f00000| Untracked 
| 116|0x0000000089000000, 0x0000000089000000, 0x0000000089100000|  0%| F|  |TAMS 0x0000000089000000, 0x0000000089000000| Untracked 
| 117|0x0000000089100000, 0x0000000089100000, 0x0000000089200000|  0%| F|  |TAMS 0x0000000089100000, 0x0000000089100000| Untracked 
| 118|0x0000000089200000, 0x0000000089200000, 0x0000000089300000|  0%| F|  |TAMS 0x0000000089200000, 0x0000000089200000| Untracked 
| 119|0x0000000089300000, 0x0000000089300000, 0x0000000089400000|  0%| F|  |TAMS 0x0000000089300000, 0x0000000089300000| Untracked 
| 120|0x0000000089400000, 0x0000000089400000, 0x0000000089500000|  0%| F|  |TAMS 0x0000000089400000, 0x0000000089400000| Untracked 
| 121|0x0000000089500000, 0x0000000089500000, 0x0000000089600000|  0%| F|  |TAMS 0x0000000089500000, 0x0000000089500000| Untracked 
| 122|0x0000000089600000, 0x0000000089600000, 0x0000000089700000|  0%| F|  |TAMS 0x0000000089600000, 0x0000000089600000| Untracked 
| 123|0x0000000089700000, 0x0000000089700000, 0x0000000089800000|  0%| F|  |TAMS 0x0000000089700000, 0x0000000089700000| Untracked 
| 124|0x0000000089800000, 0x0000000089800000, 0x0000000089900000|  0%| F|  |TAMS 0x0000000089800000, 0x0000000089800000| Untracked 
| 125|0x0000000089900000, 0x00000000899d5048, 0x0000000089a00000| 83%| E|  |TAMS 0x0000000089900000, 0x0000000089900000| Complete 
| 126|0x0000000089a00000, 0x0000000089b00000, 0x0000000089b00000|100%| E|CS|TAMS 0x0000000089a00000, 0x0000000089a00000| Complete 
| 127|0x0000000089b00000, 0x0000000089c00000, 0x0000000089c00000|100%| E|CS|TAMS 0x0000000089b00000, 0x0000000089b00000| Complete 

Card table byte_map: [0x0000029d1f7d0000,0x0000029d1fbd0000] _byte_map_base: 0x0000029d1f3c2000

Marking Bits (Prev, Next): (CMBitMap*) 0x0000029d088a4f50, (CMBitMap*) 0x0000029d088a4f90
 Prev Bits: [0x0000029d1ffd0000, 0x0000029d21f60000)
 Next Bits: [0x0000029d21f60000, 0x0000029d23ef0000)

Polling page: 0x0000029d067f0000

Metaspace:

Usage:
  Non-class:    591.42 KB used.
      Class:     50.33 KB used.
       Both:    641.75 KB used.

Virtual space:
  Non-class space:       64.00 MB reserved,     704.00 KB (  1%) committed,  1 nodes.
      Class space:        1.00 GB reserved,     128.00 KB ( <1%) committed,  1 nodes.
             Both:        1.06 GB reserved,     832.00 KB ( <1%) committed. 

Chunk freelists:
   Non-Class:  11.92 MB
       Class:  15.73 MB
        Both:  27.65 MB

MaxMetaspaceSize: unlimited
CompressedClassSpaceSize: 1.00 GB
Initial GC threshold: 21.00 MB
Current GC threshold: 21.00 MB
CDS: on
MetaspaceReclaimPolicy: balanced
 - commit_granule_bytes: 65536.
 - commit_granule_words: 8192.
 - virtual_space_node_default_size: 8388608.
 - enlarge_chunks_in_place: 1.
 - new_chunks_are_fully_committed: 0.
 - uncommit_free_chunks: 1.
 - use_allocation_guard: 0.
 - handle_deallocations: 1.


Internal statistics:

num_allocs_failed_limit: 0.
num_arena_births: 10.
num_arena_deaths: 0.
num_vsnodes_births: 2.
num_vsnodes_deaths: 0.
num_space_committed: 13.
num_space_uncommitted: 0.
num_chunks_returned_to_freelist: 0.
num_chunks_taken_from_freelist: 18.
num_chunk_merges: 0.
num_chunk_splits: 11.
num_chunks_enlarged: 9.
num_inconsistent_stats: 0.

CodeHeap 'non-profiled nmethods': size=120000Kb used=87Kb max_used=87Kb free=119912Kb
 bounds [0x0000029d17ea0000, 0x0000029d18110000, 0x0000029d1f3d0000]
CodeHeap 'profiled nmethods': size=120000Kb used=325Kb max_used=325Kb free=119674Kb
 bounds [0x0000029d103d0000, 0x0000029d10640000, 0x0000029d17900000]
CodeHeap 'non-nmethods': size=5760Kb used=1105Kb max_used=1127Kb free=4654Kb
 bounds [0x0000029d17900000, 0x0000029d17b70000, 0x0000029d17ea0000]
 total_blobs=611 nmethods=230 adapters=294
 compilation: enabled
              stopped_count=0, restarted_count=0
 full_count=0

Compilation events (20 events):
Event: 1.315 Thread 0x0000029d263c2de0 nmethod 217 0x0000029d1041bf90 code [0x0000029d1041c1a0, 0x0000029d1041c8d8]
Event: 1.373 Thread 0x0000029d263c2de0  218       3       java.util.jar.Attributes$Name::hash (148 bytes)
Event: 1.375 Thread 0x0000029d263c2de0 nmethod 218 0x0000029d1041cc10 code [0x0000029d1041cea0, 0x0000029d1041db68]
Event: 1.375 Thread 0x0000029d263c2de0  220       3       java.io.WinNTFileSystem::isLetter (30 bytes)
Event: 1.376 Thread 0x0000029d263c2de0 nmethod 220 0x0000029d1041e010 code [0x0000029d1041e1c0, 0x0000029d1041e3b8]
Event: 1.378 Thread 0x0000029d263bfd20  221 % !   4       java.util.zip.ZipFile$Source::findEND @ 152 (669 bytes)
Event: 1.404 Thread 0x0000029d263c2de0  222       1       sun.nio.fs.NativeBuffer::address (5 bytes)
Event: 1.405 Thread 0x0000029d263c2de0 nmethod 222 0x0000029d17eb2b10 code [0x0000029d17eb2ca0, 0x0000029d17eb2d78]
Event: 1.416 Thread 0x0000029d263c2de0  224       3       java.lang.ref.Reference::<init> (25 bytes)
Event: 1.416 Thread 0x0000029d263c2de0 nmethod 224 0x0000029d1041e490 code [0x0000029d1041e640, 0x0000029d1041e8b8]
Event: 1.416 Thread 0x0000029d263c2de0  225       1       java.net.URL::getUserInfo (5 bytes)
Event: 1.417 Thread 0x0000029d263c2de0 nmethod 225 0x0000029d17eb3210 code [0x0000029d17eb33a0, 0x0000029d17eb3478]
Event: 1.425 Thread 0x0000029d263bfd20 nmethod 221% 0x0000029d17eb3510 code [0x0000029d17eb37e0, 0x0000029d17eb4bd8]
Event: 1.425 Thread 0x0000029d263bfd20  226       4       sun.nio.fs.WindowsPathParser::isSlash (18 bytes)
Event: 1.427 Thread 0x0000029d263bfd20 nmethod 226 0x0000029d17eb5c90 code [0x0000029d17eb5e00, 0x0000029d17eb5e78]
Event: 1.428 Thread 0x0000029d263bfd20  227   !   4       java.util.zip.ZipFile$Source::findEND (669 bytes)
Event: 1.429 Thread 0x0000029d263c2de0  228       3       jdk.internal.ref.CleanerImpl::getCleanerImpl (13 bytes)
Event: 1.430 Thread 0x0000029d263c2de0 nmethod 228 0x0000029d1041e990 code [0x0000029d1041eb40, 0x0000029d1041ee08]
Event: 1.430 Thread 0x0000029d263c2de0  229       3       java.lang.ref.Cleaner$1::apply (9 bytes)
Event: 1.430 Thread 0x0000029d263c2de0 nmethod 229 0x0000029d1041ef10 code [0x0000029d1041f0c0, 0x0000029d1041f338]

GC Heap History (0 events):
No events

Dll operation events (5 events):
Event: 0.032 Loaded shared library C:\Program Files\Eclipse Adoptium\jdk-17.0.19.10-hotspot\bin\java.dll
Event: 0.095 Loaded shared library C:\Program Files\Eclipse Adoptium\jdk-17.0.19.10-hotspot\bin\jsvml.dll
Event: 0.160 Loaded shared library C:\Program Files\Eclipse Adoptium\jdk-17.0.19.10-hotspot\bin\net.dll
Event: 0.170 Loaded shared library C:\Program Files\Eclipse Adoptium\jdk-17.0.19.10-hotspot\bin\nio.dll
Event: 0.216 Loaded shared library C:\Program Files\Eclipse Adoptium\jdk-17.0.19.10-hotspot\bin\zip.dll

Deoptimization events (2 events):
Event: 1.428 Thread 0x0000029d0884a260 DEOPT PACKING pc=0x0000029d10418194 sp=0x000000adef0fe1a0
Event: 1.428 Thread 0x0000029d0884a260 DEOPT UNPACKING pc=0x0000029d17957143 sp=0x000000adef0fd6a0 mode 0

Classes loaded (20 events):
Event: 0.258 Loading class sun/nio/ch/Util
Event: 0.259 Loading class sun/nio/ch/Util done
Event: 0.259 Loading class sun/nio/ch/Util$1
Event: 0.259 Loading class sun/nio/ch/Util$1 done
Event: 0.260 Loading class sun/nio/ch/Util$BufferCache
Event: 0.260 Loading class sun/nio/ch/Util$BufferCache done
Event: 0.260 Loading class java/nio/DirectByteBuffer$Deallocator
Event: 0.260 Loading class java/nio/DirectByteBuffer$Deallocator done
Event: 0.260 Loading class sun/nio/ch/IOStatus
Event: 0.261 Loading class sun/nio/ch/IOStatus done
Event: 0.273 Loading class java/io/FilenameFilter
Event: 0.273 Loading class java/io/FilenameFilter done
Event: 0.339 Loading class java/net/URLClassLoader$1
Event: 0.339 Loading class java/net/URLClassLoader$1 done
Event: 0.340 Loading class jdk/internal/loader/URLClassPath$FileLoader
Event: 0.340 Loading class jdk/internal/loader/URLClassPath$FileLoader done
Event: 0.343 Loading class java/util/zip/ZipException
Event: 0.344 Loading class java/util/zip/ZipException done
Event: 0.345 Loading class java/security/PrivilegedActionException
Event: 0.345 Loading class java/security/PrivilegedActionException done

Classes unloaded (0 events):
No events

Classes redefined (0 events):
No events

Internal exceptions (1 events):
Event: 0.331 Thread 0x0000029d0884a260 Exception <a 'java/lang/NoSuchMethodError'{0x0000000089ab8908}: 'int java.lang.invoke.DirectMethodHandle$Holder.invokeSpecial(java.lang.Object, java.lang.Object, java.lang.Object)'> (0x0000000089ab8908) 
thrown [s\src\hotspot\share\interpreter\linkResolver.cpp, line 759]

VM Operations (4 events):
Event: 0.218 Executing VM operation: HandshakeAllThreads
Event: 0.218 Executing VM operation: HandshakeAllThreads done
Event: 1.219 Executing VM operation: Cleanup
Event: 1.219 Executing VM operation: Cleanup done

Memory protections (0 events):
No events

Nmethod flushes (0 events):
No events

Events (12 events):
Event: 0.096 Thread 0x0000029d0884a260 Thread added: 0x0000029d0884a260
Event: 0.103 Thread 0x0000029d0884a260 Thread added: 0x0000029d2639cd60
Event: 0.103 Thread 0x0000029d0884a260 Thread added: 0x0000029d2639daf0
Event: 0.120 Thread 0x0000029d0884a260 Thread added: 0x0000029d263b47b0
Event: 0.121 Thread 0x0000029d0884a260 Thread added: 0x0000029d263b5280
Event: 0.121 Thread 0x0000029d0884a260 Thread added: 0x0000029d263b8400
Event: 0.121 Thread 0x0000029d0884a260 Thread added: 0x0000029d263b9470
Event: 0.122 Thread 0x0000029d0884a260 Thread added: 0x0000029d263bfd20
Event: 0.122 Thread 0x0000029d0884a260 Thread added: 0x0000029d263c2de0
Event: 0.122 Thread 0x0000029d0884a260 Thread added: 0x0000029d263c3e90
Event: 0.145 Thread 0x0000029d0884a260 Thread added: 0x0000029d265f31c0
Event: 0.149 Thread 0x0000029d0884a260 Thread added: 0x0000029d265fe190


Dynamic libraries:
0x00007ff75f870000 - 0x00007ff75f87e000 	C:\Program Files\Eclipse Adoptium\jdk-17.0.19.10-hotspot\bin\java.exe
0x00007ffc71890000 - 0x00007ffc71a88000 	C:\WINDOWS\SYSTEM32\ntdll.dll
0x00007ffc378e0000 - 0x00007ffc37901000 	C:\Program Files\Avast Software\Avast\aswhook.dll
0x00007ffc6fa70000 - 0x00007ffc6fb32000 	C:\WINDOWS\System32\KERNEL32.DLL
0x00007ffc6f3c0000 - 0x00007ffc6f6b6000 	C:\WINDOWS\System32\KERNELBASE.dll
0x00007ffc6f150000 - 0x00007ffc6f250000 	C:\WINDOWS\System32\ucrtbase.dll
0x00007ffc669f0000 - 0x00007ffc66a0e000 	C:\Program Files\Eclipse Adoptium\jdk-17.0.19.10-hotspot\bin\VCRUNTIME140.dll
0x00007ffc3d050000 - 0x00007ffc3d068000 	C:\Program Files\Eclipse Adoptium\jdk-17.0.19.10-hotspot\bin\jli.dll
0x00007ffc715f0000 - 0x00007ffc71791000 	C:\WINDOWS\System32\USER32.dll
0x00007ffc4d070000 - 0x00007ffc4d30b000 	C:\WINDOWS\WinSxS\amd64_microsoft.windows.common-controls_6595b64144ccf1df_6.0.19041.6456_none_60b8a6cb71f64256\COMCTL32.dll
0x00007ffc6f300000 - 0x00007ffc6f322000 	C:\WINDOWS\System32\win32u.dll
0x00007ffc71820000 - 0x00007ffc7184b000 	C:\WINDOWS\System32\GDI32.dll
0x00007ffc6f970000 - 0x00007ffc6fa0e000 	C:\WINDOWS\System32\msvcrt.dll
0x00007ffc6f790000 - 0x00007ffc6f8a9000 	C:\WINDOWS\System32\gdi32full.dll
0x00007ffc6ef20000 - 0x00007ffc6efbd000 	C:\WINDOWS\System32\msvcp_win.dll
0x00007ffc71340000 - 0x00007ffc7136f000 	C:\WINDOWS\System32\IMM32.DLL
0x00007ffc66a50000 - 0x00007ffc66a5c000 	C:\Program Files\Eclipse Adoptium\jdk-17.0.19.10-hotspot\bin\vcruntime140_1.dll
0x00007ffc3b710000 - 0x00007ffc3b79d000 	C:\Program Files\Eclipse Adoptium\jdk-17.0.19.10-hotspot\bin\msvcp140.dll
0x00007ffc15160000 - 0x00007ffc15dcc000 	C:\Program Files\Eclipse Adoptium\jdk-17.0.19.10-hotspot\bin\server\jvm.dll
0x00007ffc703c0000 - 0x00007ffc70471000 	C:\WINDOWS\System32\ADVAPI32.dll
0x00007ffc71450000 - 0x00007ffc714ef000 	C:\WINDOWS\System32\sechost.dll
0x00007ffc70480000 - 0x00007ffc705a0000 	C:\WINDOWS\System32\RPCRT4.dll
0x00007ffc6efc0000 - 0x00007ffc6efe7000 	C:\WINDOWS\System32\bcrypt.dll
0x00007ffc711b0000 - 0x00007ffc7121b000 	C:\WINDOWS\System32\WS2_32.dll
0x00007ffc6ed80000 - 0x00007ffc6edcb000 	C:\WINDOWS\SYSTEM32\POWRPROF.dll
0x00007ffc65a90000 - 0x00007ffc65a9a000 	C:\WINDOWS\SYSTEM32\VERSION.dll
0x00007ffc518e0000 - 0x00007ffc51907000 	C:\WINDOWS\SYSTEM32\WINMM.dll
0x00007ffc6ed60000 - 0x00007ffc6ed72000 	C:\WINDOWS\SYSTEM32\UMPDC.dll
0x00007ffc6d740000 - 0x00007ffc6d752000 	C:\WINDOWS\SYSTEM32\kernel.appcore.dll
0x00007ffc64f80000 - 0x00007ffc64f8a000 	C:\Program Files\Eclipse Adoptium\jdk-17.0.19.10-hotspot\bin\jimage.dll
0x00007ffc6d4b0000 - 0x00007ffc6d6b1000 	C:\WINDOWS\SYSTEM32\DBGHELP.DLL
0x00007ffc620b0000 - 0x00007ffc620e4000 	C:\WINDOWS\SYSTEM32\dbgcore.DLL
0x00007ffc6f330000 - 0x00007ffc6f3b2000 	C:\WINDOWS\System32\bcryptPrimitives.dll
0x00007ffc3b6e0000 - 0x00007ffc3b705000 	C:\Program Files\Eclipse Adoptium\jdk-17.0.19.10-hotspot\bin\java.dll
0x00007ffc15080000 - 0x00007ffc15157000 	C:\Program Files\Eclipse Adoptium\jdk-17.0.19.10-hotspot\bin\jsvml.dll
0x00007ffc6fba0000 - 0x00007ffc70310000 	C:\WINDOWS\System32\SHELL32.dll
0x00007ffc6cad0000 - 0x00007ffc6d275000 	C:\WINDOWS\SYSTEM32\windows.storage.dll
0x00007ffc70e50000 - 0x00007ffc711a4000 	C:\WINDOWS\System32\combase.dll
0x00007ffc6e790000 - 0x00007ffc6e7bb000 	C:\WINDOWS\SYSTEM32\Wldp.dll
0x00007ffc70c50000 - 0x00007ffc70d1d000 	C:\WINDOWS\System32\OLEAUT32.dll
0x00007ffc70310000 - 0x00007ffc703bd000 	C:\WINDOWS\System32\SHCORE.dll
0x00007ffc714f0000 - 0x00007ffc7154b000 	C:\WINDOWS\System32\shlwapi.dll
0x00007ffc6ee50000 - 0x00007ffc6ee74000 	C:\WINDOWS\SYSTEM32\profapi.dll
0x00007ffc3b6c0000 - 0x00007ffc3b6da000 	C:\Program Files\Eclipse Adoptium\jdk-17.0.19.10-hotspot\bin\net.dll
0x00007ffc5ce60000 - 0x00007ffc5cf6a000 	C:\WINDOWS\SYSTEM32\WINHTTP.dll
0x00007ffc6e570000 - 0x00007ffc6e5da000 	C:\WINDOWS\system32\mswsock.dll
0x00007ffc37820000 - 0x00007ffc37836000 	C:\Program Files\Eclipse Adoptium\jdk-17.0.19.10-hotspot\bin\nio.dll
0x00007ffc357e0000 - 0x00007ffc357f8000 	C:\Program Files\Eclipse Adoptium\jdk-17.0.19.10-hotspot\bin\zip.dll

dbghelp: loaded successfully - version: 4.0.5 - missing functions: none
symbol engine: initialized successfully - sym options: 0x614 - pdb path: .;C:\Program Files\Eclipse Adoptium\jdk-17.0.19.10-hotspot\bin;C:\WINDOWS\SYSTEM32;C:\Program Files\Avast Software\Avast;C:\WINDOWS\WinSxS\amd64_microsoft.windows.common-controls_6595b64144ccf1df_6.0.19041.6456_none_60b8a6cb71f64256;C:\Program Files\Eclipse Adoptium\jdk-17.0.19.10-hotspot\bin\server

VM Arguments:
jvm_args: --enable-native-access=ALL-UNNAMED -Dclassworlds.conf=C:\Users\hadil\.m2\wrapper\dists\apache-maven-3.9.16\0daed3be3ebd1c706f0e69e8b07c6b73f5cc4ea3dfce72a8d0ec2e849ca2ddb0\bin\m2.conf -Dmaven.home=C:\Users\hadil\.m2\wrapper\dists\apache-maven-3.9.16\0daed3be3ebd1c706f0e69e8b07c6b73f5cc4ea3dfce72a8d0ec2e849ca2ddb0 -Dlibrary.jansi.path=C:\Users\hadil\.m2\wrapper\dists\apache-maven-3.9.16\0daed3be3ebd1c706f0e69e8b07c6b73f5cc4ea3dfce72a8d0ec2e849ca2ddb0\lib\jansi-native -Dmaven.multiModuleProjectDirectory=C:\Users\hadil\Desktop\shop\techtalks-FixUp\fixup-backend 
java_command: org.codehaus.plexus.classworlds.launcher.Launcher spring-boot:run
java_class_path (initial): C:\Users\hadil\.m2\wrapper\dists\apache-maven-3.9.16\0daed3be3ebd1c706f0e69e8b07c6b73f5cc4ea3dfce72a8d0ec2e849ca2ddb0\boot\plexus-classworlds-2.11.0.jar
Launcher Type: SUN_STANDARD

[Global flags]
     intx CICompilerCount                          = 3                                         {product} {ergonomic}
     uint ConcGCThreads                            = 1                                         {product} {ergonomic}
     uint G1ConcRefinementThreads                  = 4                                         {product} {ergonomic}
   size_t G1HeapRegionSize                         = 1048576                                   {product} {ergonomic}
    uintx GCDrainStackTargetSize                   = 64                                        {product} {ergonomic}
   size_t InitialHeapSize                          = 134217728                                 {product} {ergonomic}
   size_t MarkStackSize                            = 4194304                                   {product} {ergonomic}
   size_t MaxHeapSize                              = 2118123520                                {product} {ergonomic}
   size_t MaxNewSize                               = 1270874112                                {product} {ergonomic}
   size_t MinHeapDeltaBytes                        = 1048576                                   {product} {ergonomic}
   size_t MinHeapSize                              = 8388608                                   {product} {ergonomic}
    uintx NonNMethodCodeHeapSize                   = 5832780                                {pd product} {ergonomic}
    uintx NonProfiledCodeHeapSize                  = 122912730                              {pd product} {ergonomic}
    uintx ProfiledCodeHeapSize                     = 122912730                              {pd product} {ergonomic}
    uintx ReservedCodeCacheSize                    = 251658240                              {pd product} {ergonomic}
     bool SegmentedCodeCache                       = true                                      {product} {ergonomic}
   size_t SoftMaxHeapSize                          = 2118123520                             {manageable} {ergonomic}
     bool UseCompressedClassPointers               = true                           {product lp64_product} {ergonomic}
     bool UseCompressedOops                        = true                           {product lp64_product} {ergonomic}
     bool UseG1GC                                  = true                                      {product} {ergonomic}
     bool UseLargePagesIndividualAllocation        = false                                  {pd product} {ergonomic}

Logging:
Log output configuration:
 #0: stdout all=warning uptime,level,tags
 #1: stderr all=off uptime,level,tags

Environment Variables:
PATH=C:\Program Files\Eclipse Adoptium\jdk-17.0.19.10-hotspot\bin;C:\Program Files (x86)\Common Files\Oracle\Java\javapath;C:\app\hadil\product\21c\dbhomeXE\bin;C:\Program Files (x86)\Common Files\Intel\Shared Files\fortran\bin\Intel64;C:\Program Files (x86)\Common Files\Intel\Shared Libraries\redist\intel64_win\mpirt;C:\Program Files (x86)\Common Files\Intel\Shared Libraries\redist\intel64_win\compiler;C:\WINDOWS\system32;C:\WINDOWS;C:\WINDOWS\System32\Wbem;C:\WINDOWS\System32\WindowsPowerShell\v1.0\;C:\WINDOWS\System32\OpenSSH\;C:\Program Files\Microsoft SQL Server\110\Tools\Binn\;C:\Program Files\dotnet\;C:\Program Files\Microsoft SQL Server\150\Tools\Binn\;D:\mingw\mingw64\bin;C:\Program Files\;C:\ProgramData\chocolatey\bin;D:\Python313;D:\Python313\Scripts;D:\flutter\flutter\bin;D:\hadoop\hadoop-3.4.0\bin;%JAVA_HOME%\bin;D:\Python313\Scripts;C:\Program Files\MongoDB\Server\8.2\bin;D:\hadoop\hadoop-3.4.0\sbin;C:\Program Files\Git\cmd;C:\Program Files\Microsoft SQL Server\170\Tools\Binn\;C:\app\hadil\product\21c\dbhomeXE\bin;C:\Program Files\Common Files\Oracle\Java\javapath;C:\Program Files (x86)\Common Files\Intel\Shared Files\fortran\bin\Intel64;C:\Program Files (x86)\Common Files\Intel\Shared Libraries\redist\intel64_win\mpirt;C:\Program Files (x86)\Common Files\Intel\Shared Libraries\redist\intel64_win\compiler;C:\WINDOWS\system32;C:\WINDOWS;C:\WINDOWS\System32\Wbem;C:\WINDOWS\System32\WindowsPowerShell\v1.0\;C:\WINDOWS\System32\OpenSSH\;C:\Program Files\Microsoft SQL Server\110\Tools\Binn\;C:\Program Files\dotnet\;C:\Program Files\Microsoft SQL Server\150\Tools\Binn\;C:\Program Files\Microsoft SQL Server\Client SDK\ODBC\170\Tools\Binn\;D:\mingw\mingw64\bin;C:\Program Files\;C:\ProgramData\chocolatey\bin;D:\Python313;D:\Python313\Scripts;D:\Scripts\;D:\;C:\Users\hadil\AppData\Local\Programs\Python\Launcher\;C:\Users\hadil\AppData\Local\Microsoft\WindowsApps;C:\Users\hadil\.dotnet\tools;C:\Users\hadil\AppData\Local\Programs\Microsoft VS Code\bin;C:\Users\hadil\AppData\Roaming\npm;D:\Pytho;%JAVA_HOME%\bin;D:\Kingsoft\WPS Office\12.1.0.27458\clitool;c:\Users\hadil\.vscode\extensions\vscjava.vscode-java-debug-0.59.0\bundled\scripts\noConfigScripts
USERNAME=hadil
LANG=en_US.UTF-8
OS=Windows_NT
PROCESSOR_IDENTIFIER=Intel64 Family 6 Model 78 Stepping 3, GenuineIntel
TMP=C:\Users\hadil\AppData\Local\Temp
TEMP=C:\Users\hadil\AppData\Local\Temp



Periodic native trim disabled


---------------  S Y S T E M  ---------------

OS:
 Windows 10 , 64 bit Build 19041 (10.0.19041.5915)
OS uptime: 0 days 1:35 hours
Hyper-V role detected

CPU: total 4 (initial active 4) (2 cores per cpu, 2 threads per core) family 6 model 78 stepping 3 microcode 0xcc, cx8, cmov, fxsr, ht, mmx, 3dnowpref, sse, sse2, sse3, ssse3, sse4.1, sse4.2, popcnt, lzcnt, tsc, tscinvbit, avx, avx2, aes, erms, clmul, bmi1, bmi2, rtm, adx, fma, vzeroupper, clflush, clflushopt, hv
Processor Information for all 4 processors :
  Max Mhz: 2496, Current Mhz: 2396, Mhz Limit: 2396

Memory: 4k page, system-wide physical 8072M (1067M free)
TotalPageFile size 13531M (AvailPageFile size 0M)
current process WorkingSet (physical memory assigned to process): 40M, peak: 40M
current process commit charge ("private bytes"): 205M, peak: 205M

vm_info: OpenJDK 64-Bit Server VM (17.0.19+10) for windows-amd64 JRE (17.0.19+10), built on Apr 25 2026 08:04:44 by "admin" with MS VC++ 17.12 (VS2022)

END.
